exports[`log debug 1`] = `"[\"\\u001b[90m00:00:00.000\\u001b[39m\",\"[\\u001b[33mDEBUG logging.test\\u001b[39m]\",\"abc123\",\"\\u001b[34m\\u001b[39m\\u001b[90m{\\u001b[39m\\u001b[36ma\\u001b[39m: \\u001b[0m\\\"apple\\\"\\u001b[0m\\u001b[90m,\\u001b[39m \\u001b[36mb\\u001b[39m: \\u001b[0m\\\"bear\\\"\\u001b[0m\\u001b[90m,\\u001b[39m \\u001b[36mc\\u001b[39m: \\u001b[34m\\u001b[39m\\u001b[90m[\\u001b[39m\\u001b[0m\\\"cookies\\\"\\u001b[0m\\u001b[90m,\\u001b[39m \\u001b[0m\\\"cake\\\"\\u001b[0m\\u001b[90m,\\u001b[39m \\u001b[0m\\\"calculators\\\"\\u001b[0m\\u001b[90m,\\u001b[39m \\u001b[34m\\u001b[39m\\u001b[90m{\\u001b[39m\\u001b[36mabc\\u001b[39m: \\u001b[32m123\\u001b[39m\\u001b[90m,\\u001b[39m \\u001b[36mdef\\u001b[39m: \\u001b[0m\\\"jhi\\\"\\u001b[0m\\u001b[90m,\\u001b[39m \\u001b[36mklm\\u001b[39m: \\u001b[33mtrue\\u001b[39m\\u001b[90m,\\u001b[39m \\u001b[36mpqr\\u001b[39m: \\u001b[33mfalse\\u001b[39m\\u001b[90m}\\u001b[39m\\u001b[90m]\\u001b[39m\\u001b[90m}\\u001b[39m\",\"\\u001b[34m[Function anonymous]\\u001b[39m\"]"`;

exports[`log error 1`] = `"[\"\\u001b[90m00:00:00.000\\u001b[39m\",\"[\\u001b[31mERROR logging.test\\u001b[39m]\",\"abc123\",\"\\u001b[34m\\u001b[39m\\u001b[90m{\\u001b[39m\\u001b[36ma\\u001b[39m: \\u001b[0m\\\"apple\\\"\\u001b[0m\\u001b[90m,\\u001b[39m \\u001b[36mb\\u001b[39m: \\u001b[0m\\\"bear\\\"\\u001b[0m\\u001b[90m,\\u001b[39m \\u001b[36mc\\u001b[39m: \\u001b[34m\\u001b[39m\\u001b[90m[\\u001b[39m\\u001b[0m\\\"cookies\\\"\\u001b[0m\\u001b[90m,\\u001b[39m \\u001b[0m\\\"cake\\\"\\u001b[0m\\u001b[90m,\\u001b[39m \\u001b[0m\\\"calculators\\\"\\u001b[0m\\u001b[90m,\\u001b[39m \\u001b[34m\\u001b[39m\\u001b[90m{\\u001b[39m\\u001b[36mabc\\u001b[39m: \\u001b[32m123\\u001b[39m\\u001b[90m,\\u001b[39m \\u001b[36mdef\\u001b[39m: \\u001b[0m\\\"jhi\\\"\\u001b[0m\\u001b[90m,\\u001b[39m \\u001b[36mklm\\u001b[39m: \\u001b[33mtrue\\u001b[39m\\u001b[90m,\\u001b[39m \\u001b[36mpqr\\u001b[39m: \\u001b[33mfalse\\u001b[39m\\u001b[90m}\\u001b[39m\\u001b[90m]\\u001b[39m\\u001b[90m}\\u001b[39m\",\"\\u001b[34m[Function anonymous]\\u001b[39m\"]"`;

exports[`log info 1`] = `"[\"\\u001b[90m00:00:00.000\\u001b[39m\",\"[\\u001b[34mlogging.test\\u001b[39m]\",\"abc123\",\"\\u001b[34m\\u001b[39m\\u001b[90m{\\u001b[39m\\u001b[36ma\\u001b[39m: \\u001b[0m\\\"apple\\\"\\u001b[0m\\u001b[90m,\\u001b[39m \\u001b[36mb\\u001b[39m: \\u001b[0m\\\"bear\\\"\\u001b[0m\\u001b[90m,\\u001b[39m \\u001b[36mc\\u001b[39m: \\u001b[34m\\u001b[39m\\u001b[90m[\\u001b[39m\\u001b[0m\\\"cookies\\\"\\u001b[0m\\u001b[90m,\\u001b[39m \\u001b[0m\\\"cake\\\"\\u001b[0m\\u001b[90m,\\u001b[39m \\u001b[0m\\\"calculators\\\"\\u001b[0m\\u001b[90m,\\u001b[39m \\u001b[34m\\u001b[39m\\u001b[90m{\\u001b[39m\\u001b[36mabc\\u001b[39m: \\u001b[32m123\\u001b[39m\\u001b[90m,\\u001b[39m \\u001b[36mdef\\u001b[39m: \\u001b[0m\\\"jhi\\\"\\u001b[0m\\u001b[90m,\\u001b[39m \\u001b[36mklm\\u001b[39m: \\u001b[33mtrue\\u001b[39m\\u001b[90m,\\u001b[39m \\u001b[36mpqr\\u001b[39m: \\u001b[33mfalse\\u001b[39m\\u001b[90m}\\u001b[39m\\u001b[90m]\\u001b[39m\\u001b[90m}\\u001b[39m\",\"\\u001b[34m[Function anonymous]\\u001b[39m\"]"`;

exports[`log warning 1`] = `"[\"\\u001b[90m00:00:00.000\\u001b[39m\",\"[\\u001b[33mWARNING logging.test\\u001b[39m]\",\"abc123\",\"\\u001b[34m\\u001b[39m\\u001b[90m{\\u001b[39m\\u001b[36ma\\u001b[39m: \\u001b[0m\\\"apple\\\"\\u001b[0m\\u001b[90m,\\u001b[39m \\u001b[36mb\\u001b[39m: \\u001b[0m\\\"bear\\\"\\u001b[0m\\u001b[90m,\\u001b[39m \\u001b[36mc\\u001b[39m: \\u001b[34m\\u001b[39m\\u001b[90m[\\u001b[39m\\u001b[0m\\\"cookies\\\"\\u001b[0m\\u001b[90m,\\u001b[39m \\u001b[0m\\\"cake\\\"\\u001b[0m\\u001b[90m,\\u001b[39m \\u001b[0m\\\"calculators\\\"\\u001b[0m\\u001b[90m,\\u001b[39m \\u001b[34m\\u001b[39m\\u001b[90m{\\u001b[39m\\u001b[36mabc\\u001b[39m: \\u001b[32m123\\u001b[39m\\u001b[90m,\\u001b[39m \\u001b[36mdef\\u001b[39m: \\u001b[0m\\\"jhi\\\"\\u001b[0m\\u001b[90m,\\u001b[39m \\u001b[36mklm\\u001b[39m: \\u001b[33mtrue\\u001b[39m\\u001b[90m,\\u001b[39m \\u001b[36mpqr\\u001b[39m: \\u001b[33mfalse\\u001b[39m\\u001b[90m}\\u001b[39m\\u001b[90m]\\u001b[39m\\u001b[90m}\\u001b[39m\",\"\\u001b[34m[Function anonymous]\\u001b[39m\"]"`;
